// Jest Snapshot v1, https://goo.gl/fbAQLP

exports[`Load rates button:snapshot before press 1`] = `
<div>
  <div
    class="container"
  >
    <div>
      Here be dragons
    </div>
    <button
      type="button"
    >
      Load Rates
    </button>
    
  </div>
</div>
`;
